0 init os=xl basic=off machine=xl atr=/Users/marcinkrzetowski/Projects/setech-arcade/spike/work/reference/xl-basic-off/void-strike-65.atr
0 watch 009A = 00
1 note: ANTIC_dlist==0 (ignored)
552 watch 009A 00 -> 01
552 reached until 009A 01 after 552 frames
552 mark menu

552 wav /Users/marcinkrzetowski/Projects/setech-arcade/spike/results/reference/xl-basic-off/01-menu-music.wav (44100 Hz, 1 ch, 16-bit)
652 shot /Users/marcinkrzetowski/Projects/setech-arcade/spike/results/reference/xl-basic-off/01-menu.png
1106 shot /Users/marcinkrzetowski/Projects/setech-arcade/spike/results/reference/xl-basic-off/02-start-game-engaging.png
1206 shot /Users/marcinkrzetowski/Projects/setech-arcade/spike/results/reference/xl-basic-off/03-loader-panel.png
1406 shot /Users/marcinkrzetowski/Projects/setech-arcade/spike/results/reference/xl-basic-off/04-press-fire.png
1407 watch 009A 01 -> 06
1410 reached until 009A 06 after 0 frames
1410 mark gameplay

1560 shot /Users/marcinkrzetowski/Projects/setech-arcade/spike/results/reference/xl-basic-off/05-gameplay-early.png
2710 shot /Users/marcinkrzetowski/Projects/setech-arcade/spike/results/reference/xl-basic-off/06-capital-corridor.png
3010 shot /Users/marcinkrzetowski/Projects/setech-arcade/spike/results/reference/xl-basic-off/07-capital-corridor-b.png
4715 reached until 6DE8 4C after 1705 frames
4715 mark boss-entry

4775 shot /Users/marcinkrzetowski/Projects/setech-arcade/spike/results/reference/xl-basic-off/08-boss-warning.png
4920 reached until 0C40 55 after 145 frames
4920 mark boss-band-live

5160 shot /Users/marcinkrzetowski/Projects/setech-arcade/spike/results/reference/xl-basic-off/09-boss-band.png
5427 shot /Users/marcinkrzetowski/Projects/setech-arcade/spike/results/reference/xl-basic-off/09b-boss-laser.png
5450 shot /Users/marcinkrzetowski/Projects/setech-arcade/spike/results/reference/xl-basic-off/boss/0001.png
5500 shot /Users/marcinkrzetowski/Projects/setech-arcade/spike/results/reference/xl-basic-off/boss/0002.png
5550 shot /Users/marcinkrzetowski/Projects/setech-arcade/spike/results/reference/xl-basic-off/boss/0003.png
5600 shot /Users/marcinkrzetowski/Projects/setech-arcade/spike/results/reference/xl-basic-off/boss/0004.png
5650 shot /Users/marcinkrzetowski/Projects/setech-arcade/spike/results/reference/xl-basic-off/boss/0005.png
5700 shot /Users/marcinkrzetowski/Projects/setech-arcade/spike/results/reference/xl-basic-off/boss/0006.png
5750 shot /Users/marcinkrzetowski/Projects/setech-arcade/spike/results/reference/xl-basic-off/boss/0007.png
5800 shot /Users/marcinkrzetowski/Projects/setech-arcade/spike/results/reference/xl-basic-off/boss/0008.png
5850 shot /Users/marcinkrzetowski/Projects/setech-arcade/spike/results/reference/xl-basic-off/boss/0009.png
5900 shot /Users/marcinkrzetowski/Projects/setech-arcade/spike/results/reference/xl-basic-off/boss/0010.png
5950 shot /Users/marcinkrzetowski/Projects/setech-arcade/spike/results/reference/xl-basic-off/boss/0011.png
6000 shot /Users/marcinkrzetowski/Projects/setech-arcade/spike/results/reference/xl-basic-off/boss/0012.png
6050 shot /Users/marcinkrzetowski/Projects/setech-arcade/spike/results/reference/xl-basic-off/boss/0013.png
6100 shot /Users/marcinkrzetowski/Projects/setech-arcade/spike/results/reference/xl-basic-off/boss/0014.png
6150 shot /Users/marcinkrzetowski/Projects/setech-arcade/spike/results/reference/xl-basic-off/boss/0015.png
6200 shot /Users/marcinkrzetowski/Projects/setech-arcade/spike/results/reference/xl-basic-off/boss/0016.png
6250 shot /Users/marcinkrzetowski/Projects/setech-arcade/spike/results/reference/xl-basic-off/boss/0017.png
6300 shot /Users/marcinkrzetowski/Projects/setech-arcade/spike/results/reference/xl-basic-off/boss/0018.png
6350 shot /Users/marcinkrzetowski/Projects/setech-arcade/spike/results/reference/xl-basic-off/boss/0019.png
6400 shot /Users/marcinkrzetowski/Projects/setech-arcade/spike/results/reference/xl-basic-off/boss/0020.png
6450 shot /Users/marcinkrzetowski/Projects/setech-arcade/spike/results/reference/xl-basic-off/boss/0021.png
6500 shot /Users/marcinkrzetowski/Projects/setech-arcade/spike/results/reference/xl-basic-off/boss/0022.png
6550 shot /Users/marcinkrzetowski/Projects/setech-arcade/spike/results/reference/xl-basic-off/boss/0023.png
6600 shot /Users/marcinkrzetowski/Projects/setech-arcade/spike/results/reference/xl-basic-off/boss/0024.png
6650 shot /Users/marcinkrzetowski/Projects/setech-arcade/spike/results/reference/xl-basic-off/boss/0025.png
6700 shot /Users/marcinkrzetowski/Projects/setech-arcade/spike/results/reference/xl-basic-off/boss/0026.png
6750 shot /Users/marcinkrzetowski/Projects/setech-arcade/spike/results/reference/xl-basic-off/boss/0027.png
6800 shot /Users/marcinkrzetowski/Projects/setech-arcade/spike/results/reference/xl-basic-off/boss/0028.png
6850 shot /Users/marcinkrzetowski/Projects/setech-arcade/spike/results/reference/xl-basic-off/boss/0029.png
6900 shot /Users/marcinkrzetowski/Projects/setech-arcade/spike/results/reference/xl-basic-off/boss/0030.png
6950 shot /Users/marcinkrzetowski/Projects/setech-arcade/spike/results/reference/xl-basic-off/boss/0031.png
7000 shot /Users/marcinkrzetowski/Projects/setech-arcade/spike/results/reference/xl-basic-off/boss/0032.png
7050 shot /Users/marcinkrzetowski/Projects/setech-arcade/spike/results/reference/xl-basic-off/boss/0033.png
7100 shot /Users/marcinkrzetowski/Projects/setech-arcade/spike/results/reference/xl-basic-off/boss/0034.png
7150 shot /Users/marcinkrzetowski/Projects/setech-arcade/spike/results/reference/xl-basic-off/boss/0035.png
7200 shot /Users/marcinkrzetowski/Projects/setech-arcade/spike/results/reference/xl-basic-off/boss/0036.png
7250 shot /Users/marcinkrzetowski/Projects/setech-arcade/spike/results/reference/xl-basic-off/boss/0037.png
7300 shot /Users/marcinkrzetowski/Projects/setech-arcade/spike/results/reference/xl-basic-off/boss/0038.png
7350 shot /Users/marcinkrzetowski/Projects/setech-arcade/spike/results/reference/xl-basic-off/boss/0039.png
7400 shot /Users/marcinkrzetowski/Projects/setech-arcade/spike/results/reference/xl-basic-off/boss/0040.png
7450 shot /Users/marcinkrzetowski/Projects/setech-arcade/spike/results/reference/xl-basic-off/boss/0041.png
7500 shot /Users/marcinkrzetowski/Projects/setech-arcade/spike/results/reference/xl-basic-off/boss/0042.png
7550 shot /Users/marcinkrzetowski/Projects/setech-arcade/spike/results/reference/xl-basic-off/boss/0043.png
7600 shot /Users/marcinkrzetowski/Projects/setech-arcade/spike/results/reference/xl-basic-off/boss/0044.png
7650 shot /Users/marcinkrzetowski/Projects/setech-arcade/spike/results/reference/xl-basic-off/boss/0045.png
7700 shot /Users/marcinkrzetowski/Projects/setech-arcade/spike/results/reference/xl-basic-off/boss/0046.png
7750 shot /Users/marcinkrzetowski/Projects/setech-arcade/spike/results/reference/xl-basic-off/boss/0047.png
7800 shot /Users/marcinkrzetowski/Projects/setech-arcade/spike/results/reference/xl-basic-off/boss/0048.png
7850 shot /Users/marcinkrzetowski/Projects/setech-arcade/spike/results/reference/xl-basic-off/boss/0049.png
7900 shot /Users/marcinkrzetowski/Projects/setech-arcade/spike/results/reference/xl-basic-off/boss/0050.png
7950 shot /Users/marcinkrzetowski/Projects/setech-arcade/spike/results/reference/xl-basic-off/boss/0051.png
8000 shot /Users/marcinkrzetowski/Projects/setech-arcade/spike/results/reference/xl-basic-off/boss/0052.png
8050 shot /Users/marcinkrzetowski/Projects/setech-arcade/spike/results/reference/xl-basic-off/boss/0053.png
8100 shot /Users/marcinkrzetowski/Projects/setech-arcade/spike/results/reference/xl-basic-off/boss/0054.png
8150 shot /Users/marcinkrzetowski/Projects/setech-arcade/spike/results/reference/xl-basic-off/boss/0055.png
8200 shot /Users/marcinkrzetowski/Projects/setech-arcade/spike/results/reference/xl-basic-off/boss/0056.png
8250 shot /Users/marcinkrzetowski/Projects/setech-arcade/spike/results/reference/xl-basic-off/boss/0057.png
8300 shot /Users/marcinkrzetowski/Projects/setech-arcade/spike/results/reference/xl-basic-off/boss/0058.png
8350 shot /Users/marcinkrzetowski/Projects/setech-arcade/spike/results/reference/xl-basic-off/boss/0059.png
8400 shot /Users/marcinkrzetowski/Projects/setech-arcade/spike/results/reference/xl-basic-off/boss/0060.png
8450 shot /Users/marcinkrzetowski/Projects/setech-arcade/spike/results/reference/xl-basic-off/boss/0061.png
8500 shot /Users/marcinkrzetowski/Projects/setech-arcade/spike/results/reference/xl-basic-off/boss/0062.png
8550 shot /Users/marcinkrzetowski/Projects/setech-arcade/spike/results/reference/xl-basic-off/boss/0063.png
8600 shot /Users/marcinkrzetowski/Projects/setech-arcade/spike/results/reference/xl-basic-off/boss/0064.png
8650 shot /Users/marcinkrzetowski/Projects/setech-arcade/spike/results/reference/xl-basic-off/boss/0065.png
8700 shot /Users/marcinkrzetowski/Projects/setech-arcade/spike/results/reference/xl-basic-off/boss/0066.png
8750 shot /Users/marcinkrzetowski/Projects/setech-arcade/spike/results/reference/xl-basic-off/boss/0067.png
8800 shot /Users/marcinkrzetowski/Projects/setech-arcade/spike/results/reference/xl-basic-off/boss/0068.png
8850 shot /Users/marcinkrzetowski/Projects/setech-arcade/spike/results/reference/xl-basic-off/boss/0069.png
8900 shot /Users/marcinkrzetowski/Projects/setech-arcade/spike/results/reference/xl-basic-off/boss/0070.png
8950 shot /Users/marcinkrzetowski/Projects/setech-arcade/spike/results/reference/xl-basic-off/boss/0071.png
9000 shot /Users/marcinkrzetowski/Projects/setech-arcade/spike/results/reference/xl-basic-off/boss/0072.png
9050 shot /Users/marcinkrzetowski/Projects/setech-arcade/spike/results/reference/xl-basic-off/boss/0073.png
9100 shot /Users/marcinkrzetowski/Projects/setech-arcade/spike/results/reference/xl-basic-off/boss/0074.png
9150 shot /Users/marcinkrzetowski/Projects/setech-arcade/spike/results/reference/xl-basic-off/boss/0075.png
9200 shot /Users/marcinkrzetowski/Projects/setech-arcade/spike/results/reference/xl-basic-off/boss/0076.png
9250 shot /Users/marcinkrzetowski/Projects/setech-arcade/spike/results/reference/xl-basic-off/boss/0077.png
9300 shot /Users/marcinkrzetowski/Projects/setech-arcade/spike/results/reference/xl-basic-off/boss/0078.png
9350 shot /Users/marcinkrzetowski/Projects/setech-arcade/spike/results/reference/xl-basic-off/boss/0079.png
9352 reached untildl 0B72 after 3925 frames
9352 mark level-end

9377 shot /Users/marcinkrzetowski/Projects/setech-arcade/spike/results/reference/xl-basic-off/10-summary.png
9577 shot /Users/marcinkrzetowski/Projects/setech-arcade/spike/results/reference/xl-basic-off/11-summary-press-fire.png
9578 watch 009A 06 -> 01
9581 reached until 009A 01 after 0 frames
9581 mark menu-after-level

9681 shot /Users/marcinkrzetowski/Projects/setech-arcade/spike/results/reference/xl-basic-off/12-menu-after-level.png
9681 coldstart
9681 mark coldstart

9688 watch 009A 01 -> 00
10233 watch 009A 00 -> 01
10233 reached until 009A 01 after 452 frames
10233 mark menu-after-coldstart

10612 shot /Users/marcinkrzetowski/Projects/setech-arcade/spike/results/reference/xl-basic-off/13-best-after-power-cycle.png
10613 watch 009A 01 -> 06
10616 reached until 009A 06 after 0 frames
10916 shot /Users/marcinkrzetowski/Projects/setech-arcade/spike/results/reference/xl-basic-off/14-before-reset.png
10917 reset
10923 watch 009A 06 -> 00
10942 shot /Users/marcinkrzetowski/Projects/setech-arcade/spike/results/reference/xl-basic-off/15-reset-25.png
11042 shot /Users/marcinkrzetowski/Projects/setech-arcade/spike/results/reference/xl-basic-off/16-reset-125.png
11242 shot /Users/marcinkrzetowski/Projects/setech-arcade/spike/results/reference/xl-basic-off/17-reset-325.png
11459 watch 009A 00 -> 01
11459 reached until 009A 01 after 217 frames
11459 mark menu-after-reset

11559 shot /Users/marcinkrzetowski/Projects/setech-arcade/spike/results/reference/xl-basic-off/18-menu-after-reset.png
11559 done
