0 init os=altirra basic=on machine=xl atr=/Users/marcinkrzetowski/Projects/setech-arcade/spike/work/reference/altirra-basic-on/void-strike-65.atr
0 watch 009A = 00
1 note: ANTIC_dlist==0 (ignored)
496 watch 009A 00 -> 01
496 reached until 009A 01 after 496 frames
496 mark menu

496 wav /Users/marcinkrzetowski/Projects/setech-arcade/spike/results/reference/altirra-basic-on/01-menu-music.wav (44100 Hz, 1 ch, 16-bit)
596 shot /Users/marcinkrzetowski/Projects/setech-arcade/spike/results/reference/altirra-basic-on/01-menu.png
1050 shot /Users/marcinkrzetowski/Projects/setech-arcade/spike/results/reference/altirra-basic-on/02-start-game-engaging.png
1150 shot /Users/marcinkrzetowski/Projects/setech-arcade/spike/results/reference/altirra-basic-on/03-loader-panel.png
1350 shot /Users/marcinkrzetowski/Projects/setech-arcade/spike/results/reference/altirra-basic-on/04-press-fire.png
1351 watch 009A 01 -> 06
1354 reached until 009A 06 after 0 frames
1354 mark gameplay

1504 shot /Users/marcinkrzetowski/Projects/setech-arcade/spike/results/reference/altirra-basic-on/05-gameplay-early.png
2654 shot /Users/marcinkrzetowski/Projects/setech-arcade/spike/results/reference/altirra-basic-on/06-capital-corridor.png
2954 shot /Users/marcinkrzetowski/Projects/setech-arcade/spike/results/reference/altirra-basic-on/07-capital-corridor-b.png
4598 reached until 6DE8 4C after 1644 frames
4598 mark boss-entry

4658 shot /Users/marcinkrzetowski/Projects/setech-arcade/spike/results/reference/altirra-basic-on/08-boss-warning.png
4803 reached until 0C40 55 after 145 frames
4803 mark boss-band-live

5043 shot /Users/marcinkrzetowski/Projects/setech-arcade/spike/results/reference/altirra-basic-on/09-boss-band.png
5310 shot /Users/marcinkrzetowski/Projects/setech-arcade/spike/results/reference/altirra-basic-on/09b-boss-laser.png
5350 shot /Users/marcinkrzetowski/Projects/setech-arcade/spike/results/reference/altirra-basic-on/boss/0001.png
5400 shot /Users/marcinkrzetowski/Projects/setech-arcade/spike/results/reference/altirra-basic-on/boss/0002.png
5450 shot /Users/marcinkrzetowski/Projects/setech-arcade/spike/results/reference/altirra-basic-on/boss/0003.png
5500 shot /Users/marcinkrzetowski/Projects/setech-arcade/spike/results/reference/altirra-basic-on/boss/0004.png
5550 shot /Users/marcinkrzetowski/Projects/setech-arcade/spike/results/reference/altirra-basic-on/boss/0005.png
5600 shot /Users/marcinkrzetowski/Projects/setech-arcade/spike/results/reference/altirra-basic-on/boss/0006.png
5650 shot /Users/marcinkrzetowski/Projects/setech-arcade/spike/results/reference/altirra-basic-on/boss/0007.png
5700 shot /Users/marcinkrzetowski/Projects/setech-arcade/spike/results/reference/altirra-basic-on/boss/0008.png
5750 shot /Users/marcinkrzetowski/Projects/setech-arcade/spike/results/reference/altirra-basic-on/boss/0009.png
5800 shot /Users/marcinkrzetowski/Projects/setech-arcade/spike/results/reference/altirra-basic-on/boss/0010.png
5850 shot /Users/marcinkrzetowski/Projects/setech-arcade/spike/results/reference/altirra-basic-on/boss/0011.png
5900 shot /Users/marcinkrzetowski/Projects/setech-arcade/spike/results/reference/altirra-basic-on/boss/0012.png
5950 shot /Users/marcinkrzetowski/Projects/setech-arcade/spike/results/reference/altirra-basic-on/boss/0013.png
6000 shot /Users/marcinkrzetowski/Projects/setech-arcade/spike/results/reference/altirra-basic-on/boss/0014.png
6050 shot /Users/marcinkrzetowski/Projects/setech-arcade/spike/results/reference/altirra-basic-on/boss/0015.png
6100 shot /Users/marcinkrzetowski/Projects/setech-arcade/spike/results/reference/altirra-basic-on/boss/0016.png
6150 shot /Users/marcinkrzetowski/Projects/setech-arcade/spike/results/reference/altirra-basic-on/boss/0017.png
6200 shot /Users/marcinkrzetowski/Projects/setech-arcade/spike/results/reference/altirra-basic-on/boss/0018.png
6250 shot /Users/marcinkrzetowski/Projects/setech-arcade/spike/results/reference/altirra-basic-on/boss/0019.png
6300 shot /Users/marcinkrzetowski/Projects/setech-arcade/spike/results/reference/altirra-basic-on/boss/0020.png
6350 shot /Users/marcinkrzetowski/Projects/setech-arcade/spike/results/reference/altirra-basic-on/boss/0021.png
6400 shot /Users/marcinkrzetowski/Projects/setech-arcade/spike/results/reference/altirra-basic-on/boss/0022.png
6450 shot /Users/marcinkrzetowski/Projects/setech-arcade/spike/results/reference/altirra-basic-on/boss/0023.png
6500 shot /Users/marcinkrzetowski/Projects/setech-arcade/spike/results/reference/altirra-basic-on/boss/0024.png
6550 shot /Users/marcinkrzetowski/Projects/setech-arcade/spike/results/reference/altirra-basic-on/boss/0025.png
6600 shot /Users/marcinkrzetowski/Projects/setech-arcade/spike/results/reference/altirra-basic-on/boss/0026.png
6650 shot /Users/marcinkrzetowski/Projects/setech-arcade/spike/results/reference/altirra-basic-on/boss/0027.png
6700 shot /Users/marcinkrzetowski/Projects/setech-arcade/spike/results/reference/altirra-basic-on/boss/0028.png
6750 shot /Users/marcinkrzetowski/Projects/setech-arcade/spike/results/reference/altirra-basic-on/boss/0029.png
6800 shot /Users/marcinkrzetowski/Projects/setech-arcade/spike/results/reference/altirra-basic-on/boss/0030.png
6850 shot /Users/marcinkrzetowski/Projects/setech-arcade/spike/results/reference/altirra-basic-on/boss/0031.png
6900 shot /Users/marcinkrzetowski/Projects/setech-arcade/spike/results/reference/altirra-basic-on/boss/0032.png
6950 shot /Users/marcinkrzetowski/Projects/setech-arcade/spike/results/reference/altirra-basic-on/boss/0033.png
7000 shot /Users/marcinkrzetowski/Projects/setech-arcade/spike/results/reference/altirra-basic-on/boss/0034.png
7050 shot /Users/marcinkrzetowski/Projects/setech-arcade/spike/results/reference/altirra-basic-on/boss/0035.png
7100 shot /Users/marcinkrzetowski/Projects/setech-arcade/spike/results/reference/altirra-basic-on/boss/0036.png
7150 shot /Users/marcinkrzetowski/Projects/setech-arcade/spike/results/reference/altirra-basic-on/boss/0037.png
7200 shot /Users/marcinkrzetowski/Projects/setech-arcade/spike/results/reference/altirra-basic-on/boss/0038.png
7250 shot /Users/marcinkrzetowski/Projects/setech-arcade/spike/results/reference/altirra-basic-on/boss/0039.png
7300 shot /Users/marcinkrzetowski/Projects/setech-arcade/spike/results/reference/altirra-basic-on/boss/0040.png
7350 shot /Users/marcinkrzetowski/Projects/setech-arcade/spike/results/reference/altirra-basic-on/boss/0041.png
7400 shot /Users/marcinkrzetowski/Projects/setech-arcade/spike/results/reference/altirra-basic-on/boss/0042.png
7450 shot /Users/marcinkrzetowski/Projects/setech-arcade/spike/results/reference/altirra-basic-on/boss/0043.png
7500 shot /Users/marcinkrzetowski/Projects/setech-arcade/spike/results/reference/altirra-basic-on/boss/0044.png
7550 shot /Users/marcinkrzetowski/Projects/setech-arcade/spike/results/reference/altirra-basic-on/boss/0045.png
7600 shot /Users/marcinkrzetowski/Projects/setech-arcade/spike/results/reference/altirra-basic-on/boss/0046.png
7650 shot /Users/marcinkrzetowski/Projects/setech-arcade/spike/results/reference/altirra-basic-on/boss/0047.png
7700 shot /Users/marcinkrzetowski/Projects/setech-arcade/spike/results/reference/altirra-basic-on/boss/0048.png
7750 shot /Users/marcinkrzetowski/Projects/setech-arcade/spike/results/reference/altirra-basic-on/boss/0049.png
7800 shot /Users/marcinkrzetowski/Projects/setech-arcade/spike/results/reference/altirra-basic-on/boss/0050.png
7850 shot /Users/marcinkrzetowski/Projects/setech-arcade/spike/results/reference/altirra-basic-on/boss/0051.png
7900 shot /Users/marcinkrzetowski/Projects/setech-arcade/spike/results/reference/altirra-basic-on/boss/0052.png
7950 shot /Users/marcinkrzetowski/Projects/setech-arcade/spike/results/reference/altirra-basic-on/boss/0053.png
8000 shot /Users/marcinkrzetowski/Projects/setech-arcade/spike/results/reference/altirra-basic-on/boss/0054.png
8050 shot /Users/marcinkrzetowski/Projects/setech-arcade/spike/results/reference/altirra-basic-on/boss/0055.png
8100 shot /Users/marcinkrzetowski/Projects/setech-arcade/spike/results/reference/altirra-basic-on/boss/0056.png
8150 shot /Users/marcinkrzetowski/Projects/setech-arcade/spike/results/reference/altirra-basic-on/boss/0057.png
8200 shot /Users/marcinkrzetowski/Projects/setech-arcade/spike/results/reference/altirra-basic-on/boss/0058.png
8250 shot /Users/marcinkrzetowski/Projects/setech-arcade/spike/results/reference/altirra-basic-on/boss/0059.png
8300 shot /Users/marcinkrzetowski/Projects/setech-arcade/spike/results/reference/altirra-basic-on/boss/0060.png
8350 shot /Users/marcinkrzetowski/Projects/setech-arcade/spike/results/reference/altirra-basic-on/boss/0061.png
8400 shot /Users/marcinkrzetowski/Projects/setech-arcade/spike/results/reference/altirra-basic-on/boss/0062.png
8450 shot /Users/marcinkrzetowski/Projects/setech-arcade/spike/results/reference/altirra-basic-on/boss/0063.png
8500 shot /Users/marcinkrzetowski/Projects/setech-arcade/spike/results/reference/altirra-basic-on/boss/0064.png
8550 shot /Users/marcinkrzetowski/Projects/setech-arcade/spike/results/reference/altirra-basic-on/boss/0065.png
8600 shot /Users/marcinkrzetowski/Projects/setech-arcade/spike/results/reference/altirra-basic-on/boss/0066.png
8650 shot /Users/marcinkrzetowski/Projects/setech-arcade/spike/results/reference/altirra-basic-on/boss/0067.png
8700 shot /Users/marcinkrzetowski/Projects/setech-arcade/spike/results/reference/altirra-basic-on/boss/0068.png
8750 shot /Users/marcinkrzetowski/Projects/setech-arcade/spike/results/reference/altirra-basic-on/boss/0069.png
8800 shot /Users/marcinkrzetowski/Projects/setech-arcade/spike/results/reference/altirra-basic-on/boss/0070.png
8850 shot /Users/marcinkrzetowski/Projects/setech-arcade/spike/results/reference/altirra-basic-on/boss/0071.png
8900 shot /Users/marcinkrzetowski/Projects/setech-arcade/spike/results/reference/altirra-basic-on/boss/0072.png
8950 shot /Users/marcinkrzetowski/Projects/setech-arcade/spike/results/reference/altirra-basic-on/boss/0073.png
9000 shot /Users/marcinkrzetowski/Projects/setech-arcade/spike/results/reference/altirra-basic-on/boss/0074.png
9050 shot /Users/marcinkrzetowski/Projects/setech-arcade/spike/results/reference/altirra-basic-on/boss/0075.png
9100 shot /Users/marcinkrzetowski/Projects/setech-arcade/spike/results/reference/altirra-basic-on/boss/0076.png
9150 shot /Users/marcinkrzetowski/Projects/setech-arcade/spike/results/reference/altirra-basic-on/boss/0077.png
9200 shot /Users/marcinkrzetowski/Projects/setech-arcade/spike/results/reference/altirra-basic-on/boss/0078.png
9208 reached untildl 0B72 after 3898 frames
9208 mark level-end

9233 shot /Users/marcinkrzetowski/Projects/setech-arcade/spike/results/reference/altirra-basic-on/10-summary.png
9433 shot /Users/marcinkrzetowski/Projects/setech-arcade/spike/results/reference/altirra-basic-on/11-summary-press-fire.png
9434 watch 009A 06 -> 01
9437 reached until 009A 01 after 0 frames
9437 mark menu-after-level

9537 shot /Users/marcinkrzetowski/Projects/setech-arcade/spike/results/reference/altirra-basic-on/12-menu-after-level.png
9537 coldstart
9537 mark coldstart

9543 watch 009A 01 -> 00
10033 watch 009A 00 -> 01
10033 reached until 009A 01 after 396 frames
10033 mark menu-after-coldstart

10412 shot /Users/marcinkrzetowski/Projects/setech-arcade/spike/results/reference/altirra-basic-on/13-best-after-power-cycle.png
10413 watch 009A 01 -> 06
10416 reached until 009A 06 after 0 frames
10716 shot /Users/marcinkrzetowski/Projects/setech-arcade/spike/results/reference/altirra-basic-on/14-before-reset.png
10717 reset
10722 watch 009A 06 -> 00
10742 shot /Users/marcinkrzetowski/Projects/setech-arcade/spike/results/reference/altirra-basic-on/15-reset-25.png
10842 shot /Users/marcinkrzetowski/Projects/setech-arcade/spike/results/reference/altirra-basic-on/16-reset-125.png
11042 shot /Users/marcinkrzetowski/Projects/setech-arcade/spike/results/reference/altirra-basic-on/17-reset-325.png
11212 watch 009A 00 -> 01
11212 reached until 009A 01 after 170 frames
11212 mark menu-after-reset

11312 shot /Users/marcinkrzetowski/Projects/setech-arcade/spike/results/reference/altirra-basic-on/18-menu-after-reset.png
11312 done
